
> spark-trainings@0.0.0 build
> vite build

[36mvite v7.2.2 [32mbuilding client environment for production...[36m[39m
transforming...
[32mΓ£ô[39m 1796 modules transformed.
node.exe : [31mΓ£ù[39m Build 
failed in 9.66s
At line:1 char:1
+ & "C:\Program 
Files\nodejs/node.exe" 
"C:\Program 
Files\nodejs/node_mo ...
+ ~~~~~~~~~~~~~~~~~~~~~~~~~~~~~~
~~~~~~~~~~~~~~~~~~~~~~~~~~~~~~~~
~~~~~~~
    + CategoryInfo          : N 
   otSpecified: ([31mΓ£ù[39m  
   Build failed in 9.66s:Stri   
 ng) [], RemoteException
    + FullyQualifiedErrorId : N 
   ativeCommandError
 
[31merror during build:
[31msrc/components/Footer.jsx 
(5:9): "aiCourses" is not 
exported by "src/components/Cour
sesTab.jsx", imported by "src/co
mponents/Footer.jsx".[31m
file: [36mC:/Users/AbdullahComp
uter/Desktop/Spark Trainings/mai
n-site/src/components/Footer.jsx
:5:9[31m
[33m
3: import { Link } from 
"react-router-dom";
4: import { Axis3dIcon, Dot } 
from "lucide-react";
5: import { aiCourses } from 
"../components/CoursesTab.jsx";
            ^
6: 
7: const linkStyle =
[31m
    at getRollupError (file:///C
:/Users/AbdullahComputer/Desktop
/Spark%20Trainings/main-site/nod
e_modules/rollup/dist/es/shared/
parseAst.js:401:41)
    at error (file:///C:/Users/A
bdullahComputer/Desktop/Spark%20
Trainings/main-site/node_modules
/rollup/dist/es/shared/parseAst.
js:397:42)
    at Module.error (file:///C:/
Users/AbdullahComputer/Desktop/S
park%20Trainings/main-site/node_
modules/rollup/dist/es/shared/no
de-entry.js:16946:16)
    at Module.traceVariable (fil
e:///C:/Users/AbdullahComputer/D
esktop/Spark%20Trainings/main-si
te/node_modules/rollup/dist/es/s
hared/node-entry.js:17400:29)
    at ModuleScope.findVariable 
(file:///C:/Users/AbdullahComput
er/Desktop/Spark%20Trainings/mai
n-site/node_modules/rollup/dist/
es/shared/node-entry.js:15067:39
)
    at 
FunctionScope.findVariable (file
:///C:/Users/AbdullahComputer/De
sktop/Spark%20Trainings/main-sit
e/node_modules/rollup/dist/es/sh
ared/node-entry.js:5641:38)
    at 
FunctionBodyScope.findVariable (
file:///C:/Users/AbdullahCompute
r/Desktop/Spark%20Trainings/main
-site/node_modules/rollup/dist/e
s/shared/node-entry.js:5641:38)
    at MemberExpression.bind (fi
le:///C:/Users/AbdullahComputer/
Desktop/Spark%20Trainings/main-s
ite/node_modules/rollup/dist/es/
shared/node-entry.js:7355:49)
    at TemplateLiteral.bind (fil
e:///C:/Users/AbdullahComputer/D
esktop/Spark%20Trainings/main-si
te/node_modules/rollup/dist/es/s
hared/node-entry.js:2802:28)
    at Property.bind (file:///C:
/Users/AbdullahComputer/Desktop/
Spark%20Trainings/main-site/node
_modules/rollup/dist/es/shared/n
ode-entry.js:2806:23)[39m
